============================= test session starts =============================
platform win32 -- Python 3.13.12, pytest-9.0.2, pluggy-1.6.0
rootdir: D:\Documents\GitHub\SHSE-M
plugins: anyio-4.8.0, Faker-37.4.0, asyncio-1.3.0
asyncio: mode=Mode.STRICT, debug=False, asyncio_default_fixture_loop_scope=None, asyncio_default_test_loop_scope=function
collected 294 items

backend\tests\ensemble\test_air.py .......                               [  2%]
backend\tests\ensemble\test_eau.py ......                                [  4%]
backend\tests\ensemble\test_materiaux.py .....                           [  6%]
backend\tests\ensemble\test_optimisation.py .                            [  6%]
backend\tests\ensemble\test_systeme_complet.py ..                        [  7%]
backend\tests\modules\alternateur\test_calcul_couple_alternateur.py .... [  8%]
...................                                                      [ 14%]
backend\tests\modules\alternateur\test_calcul_echauffement_thermique.py . [ 15%]
..............                                                           [ 20%]
backend\tests\modules\alternateur\test_calcul_fem_induite.py ........... [ 23%]
.............F.F.....                                                    [ 30%]
backend\tests\modules\alternateur\test_calcul_frequence_synchrone.py ... [ 31%]
.........                                                                [ 35%]
backend\tests\modules\alternateur\test_calcul_pertes_cuivre.py ...FF.... [ 38%]
......FF.........                                                        [ 43%]
backend\tests\modules\alternateur\test_calcul_puissance_electrique.py .. [ 44%]
......................                                                   [ 52%]
backend\tests\modules\alternateur\test_calcul_puissance_mecanique.py ... [ 53%]
..............                                                           [ 57%]
backend\tests\modules\alternateur\test_calcul_rendement_alternateur.py . [ 58%]
...................                                                      [ 64%]
backend\tests\modules\alternateur\test_calcul_vitesse_angulaire.py ..... [ 66%]
..........                                                               [ 69%]
backend\tests\modules\architecture\test_calcul_cout_maintenance_archard.py . [ 70%]
..                                                                       [ 70%]
backend\tests\modules\architecture\test_calcul_cylindree_admissible.py . [ 71%]
.                                                                        [ 71%]
backend\tests\modules\architecture\test_calcul_cylindree_totale.py .     [ 71%]
backend\tests\modules\architecture\test_calcul_nombre_cylindres_min.py . [ 72%]
                                                                         [ 72%]
backend\tests\modules\architecture\test_choix_architecture_optimale.py . [ 72%]
.                                                                        [ 72%]
backend\tests\modules\architecture\test_resolution_globale_architecture.py . [ 73%]
                                                                         [ 73%]
backend\tests\modules\batterie\test_calcul_dimensionnement_batterie.py . [ 73%]
.                                                                        [ 73%]
backend\tests\modules\batterie\test_calcul_electrique_pack.py ......     [ 75%]
backend\tests\modules\batterie\test_calcul_energie_utile.py ....         [ 77%]
backend\tests\modules\batterie\test_calcul_ratio.py ....                 [ 78%]
backend\tests\modules\batterie\test_calcul_temps_charge.py .             [ 78%]
backend\tests\modules\batterie\test_electrolyte_solide.py ..             [ 79%]
backend\tests\modules\boite_crabots\test_calcul_choc_engagement.py ...   [ 80%]
backend\tests\modules\boite_crabots\test_calcul_contact_dent.py .        [ 80%]
backend\tests\modules\boite_crabots\test_calcul_dimensionnement_arbre.py . [ 81%]
......                                                                   [ 83%]
backend\tests\modules\boite_crabots\test_calcul_dimensionnement_crabot.py . [ 83%]
.                                                                        [ 84%]
backend\tests\modules\boite_crabots\test_calcul_duree_vie_roulement.py . [ 84%]
..                                                                       [ 85%]
backend\tests\modules\boite_crabots\test_calcul_flexion_dent.py .        [ 85%]
backend\tests\modules\boite_crabots\test_calcul_force_pignon.py ..       [ 86%]
backend\tests\modules\moteur_electrique\test_calcul_acceleration_max.py . [ 86%]
.                                                                        [ 86%]
backend\tests\modules\moteur_electrique\test_calcul_charge_essieu.py .   [ 87%]
backend\tests\modules\moteur_electrique\test_calcul_force_resistance_vitesse.py . [ 87%]
                                                                         [ 87%]
backend\tests\modules\moteur_electrique\test_calcul_multi_domaine.py ... [ 88%]
                                                                         [ 88%]
backend\tests\modules\moteur_electrique\test_calcul_puissance_moteur.py . [ 88%]
.                                                                        [ 89%]
backend\tests\modules\moteur_electrique\test_calcul_puissance_roue.py .. [ 89%]
.                                                                        [ 90%]
backend\tests\modules\moteur_thermique\test_calcul_couple_vilebrequin.py . [ 90%]
                                                                         [ 90%]
backend\tests\modules\moteur_thermique\test_calcul_cylindree.py .....    [ 92%]
backend\tests\modules\moteur_thermique\test_calcul_force_inertie.py .    [ 92%]
backend\tests\modules\moteur_thermique\test_calcul_gaz.py ....           [ 93%]
backend\tests\modules\moteur_thermique\test_calcul_pertes_frottement.py . [ 94%]
.                                                                        [ 94%]
backend\tests\modules\moteur_thermique\test_calcul_precharge_vis.py ...  [ 95%]
backend\tests\modules\moteur_thermique\test_calcul_travail_indique.py .. [ 96%]
                                                                         [ 96%]
backend\tests\modules\moteur_thermique\test_calcul_usure_archard.py ..   [ 96%]
backend\tests\modules\moteur_thermique\test_calcul_vitesse_piston.py .   [ 97%]
backend\tests\pieces\test_cylindre.py .F......                           [100%]

================================== FAILURES ===================================
_______ TestCalculFEMInduite.test_rapport_fem_complet_rpm_et_induction ________

self = <test_calcul_fem_induite.TestCalculFEMInduite testMethod=test_rapport_fem_complet_rpm_et_induction>

    def test_rapport_fem_complet_rpm_et_induction(self) -> None:
>       r = RapportFEM().generer(  # noqa: F405
            rpm_mecanique=3000.0,
            nb_paires_poles=2,
            induction_gap_t=0.8,
            aire_pole_m2=0.01,
            nombre_spires_serie=10,
            facteur_enroulement_kw=0.9,
            couplage="etoile",
            onde="sinus",
            flux_model="B*A",
            clamp_non_negative=True,
        )

backend\tests\modules\alternateur\test_calcul_fem_induite.py:411: 
_ _ _ _ _ _ _ _ _ _ _ _ _ _ _ _ _ _ _ _ _ _ _ _ _ _ _ _ _ _ _ _ _ _ _ _ _ _ _ _

self = RapportFEM()
kwargs = {'aire_pole_m2': 0.01, 'clamp_non_negative': True, 'couplage': 'etoile', 'facteur_enroulement_kw': 0.9, ...}
rep = {'entrees': {'aire_pole_m2': 0.01, 'clamp_non_negative': True, 'couplage': 'etoile', 'facteur_enroulement_kw': 0.9, .....E_phase_rms_V': 31.96800000000001, 'V_ligne_rms_V': 55.37020021636189, 'constante_C': 4.44, 'couplage': 'etoile', ...}}
onde = 'sinus', constante_custom = None, f = 100.0, phi = 0.008, N = 10
kw = 0.9

    def generer(self, **kwargs: Any) -> Dict[str, Any]:
        rep: Dict[str, Any] = {
            "entrees": dict(kwargs),
            "resultats": {},
            "inconnues": {"impossibles": [], "partielles": []},
            "notes": [],
        }
    
        onde: Waveform = kwargs.get("onde", "sinus")
        constante_custom = kwargs.get("constante_custom", None)
    
        # 1) fréquence
        f: Optional[float] = None
        if "frequence_hz" in kwargs:
            f = _req_pos("frequence_hz", kwargs["frequence_hz"], strict=False)
        else:
            if "rpm_mecanique" in kwargs and "nb_paires_poles" in kwargs:
                f = calcul_frequence_depuis_rpm(
                    rpm_mecanique=_req_pos("rpm_mecanique", kwargs["rpm_mecanique"], strict=False),
                    nb_paires_poles=_req_int_ge("nb_paires_poles", kwargs["nb_paires_poles"], 1),
                )
            else:
                rep["inconnues"]["impossibles"].append(
                    {
                        "nom": "frequence_hz",
                        "raison": "Fournir frequence_hz, ou fournir (rpm_mecanique + nb_paires_poles).",
                    }
                )
    
        # 2) flux
        phi: Optional[float] = None
        if "flux_max_pole_wb" in kwargs:
            phi = _req_finite("flux_max_pole_wb", kwargs["flux_max_pole_wb"])
        else:
            if "induction_gap_t" in kwargs and "aire_pole_m2" in kwargs:
                phi = calcul_flux_pole(
                    induction_gap_t=_req_finite("induction_gap_t", kwargs["induction_gap_t"]),
                    aire_pole_m2=_req_pos("aire_pole_m2", kwargs["aire_pole_m2"], strict=False),
                    flux_model=kwargs.get("flux_model", "B*A"),
                )
            else:
                rep["inconnues"]["impossibles"].append(
                    {
                        "nom": "flux_max_pole_wb",
                        "raison": "Fournir flux_max_pole_wb, ou fournir (induction_gap_t + aire_pole_m2).",
                    }
                )
    
        # 3) N, k_w
        if "nombre_spires_serie" not in kwargs:
            rep["inconnues"]["impossibles"].append({"nom": "nombre_spires_serie", "raison": "Paramètre requis."})
            N = None
        else:
            N = _req_int_ge("nombre_spires_serie", kwargs["nombre_spires_serie"], 0)
    
        if "facteur_enroulement_kw" not in kwargs:
            rep["inconnues"]["impossibles"].append({"nom": "facteur_enroulement_kw", "raison": "Paramètre requis."})
            kw = None
        else:
            kw = _req_finite("facteur_enroulement_kw", kwargs["facteur_enroulement_kw"])
    
        # 4) calcul E_phase
        if f is not None and phi is not None and N is not None and kw is not None:
            E_ph = calcul_fem_induite(
                frequence_hz=f,
                nombre_spires_serie=N,
                flux_max_pole_wb=phi,
                facteur_enroulement_kw=kw,
                onde=onde,
                constante_custom=constante_custom,
                clamp_non_negative=kwargs.get("clamp_non_negative", True),
            )
            rep["resultats"]["E_phase_rms_V"] = float(E_ph)
            rep["resultats"]["frequence_hz"] = float(f)
            rep["resultats"]["flux_max_pole_wb"] = float(phi)
            rep["resultats"]["constante_C"] = float(constante_rms_par_forme(onde, constante_custom=constante_custom))
        else:
            rep["notes"].append("E_phase non calculable: paramètres manquants listés dans 'inconnues'.")
    
        # 5) couplage -> V ligne
        if "couplage" in kwargs:
            if "E_phase_rms_V" in rep["resultats"]:
                Vph = float(rep["resultats"]["E_phase_rms_V"])
                couplage: Couplage = kwargs["couplage"]
                rep["resultats"]["V_ligne_rms_V"] = float(tension_ligne_depuis_phase(Vph, couplage))
                rep["resultats"]["couplage"] = couplage
            else:
                rep["inconnues"]["partielles"].append(
                    {"nom": "V_ligne_rms_V", "raison": "Calculable si E_phase_rms_V est calculée."}
                )
    
        # 6) inverses utiles (si tension cible fournie)
        if "v_phase_rms_cible" in kwargs:
            if f is not None and phi is not None and kw is not None:
                rep["resultats"]["N_requis_ceil"] = int(
                    calcul_spires_depuis_tension(
                        v_phase_rms_cible=_req_pos("v_phase_rms_cible", kwargs["v_phase_rms_cible"], strict=False),
                        frequence_hz=f,
                        flux_max_pole_wb=phi,
                        facteur_enroulement_kw=kw,
                        onde=onde,
                        constante_custom=constante_custom,
                        arrondi="ceil",
                    )
                )
            else:
                rep["inconnues"]["partielles"].append(
                    {"nom": "N_requis_ceil", "raison": "Calculable si (frequence + flux + k_w) sont connus."}
                )
    
        # 7) dédup
>       _dedup_inconnues(rep)
        ^^^^^^^^^^^^^^^^
E       NameError: name '_dedup_inconnues' is not defined

backend\modules\alternateur\calcul_fem_induite.py:483: NameError
_________ TestCalculFEMInduite.test_rapport_fem_parametres_manquants __________

self = <test_calcul_fem_induite.TestCalculFEMInduite testMethod=test_rapport_fem_parametres_manquants>

    def test_rapport_fem_parametres_manquants(self) -> None:
>       r = RapportFEM().generer(  # noqa: F405
            nombre_spires_serie=10,
            facteur_enroulement_kw=0.9,
        )

backend\tests\modules\alternateur\test_calcul_fem_induite.py:431: 
_ _ _ _ _ _ _ _ _ _ _ _ _ _ _ _ _ _ _ _ _ _ _ _ _ _ _ _ _ _ _ _ _ _ _ _ _ _ _ _

self = RapportFEM()
kwargs = {'facteur_enroulement_kw': 0.9, 'nombre_spires_serie': 10}
rep = {'entrees': {'facteur_enroulement_kw': 0.9, 'nombre_spires_serie': 10}, 'inconnues': {'impossibles': [{'nom': 'frequen...'partielles': []}, 'notes': ["E_phase non calculable: paramètres manquants listés dans 'inconnues'."], 'resultats': {}}
onde = 'sinus', constante_custom = None, f = None, phi = None, N = 10, kw = 0.9

    def generer(self, **kwargs: Any) -> Dict[str, Any]:
        rep: Dict[str, Any] = {
            "entrees": dict(kwargs),
            "resultats": {},
            "inconnues": {"impossibles": [], "partielles": []},
            "notes": [],
        }
    
        onde: Waveform = kwargs.get("onde", "sinus")
        constante_custom = kwargs.get("constante_custom", None)
    
        # 1) fréquence
        f: Optional[float] = None
        if "frequence_hz" in kwargs:
            f = _req_pos("frequence_hz", kwargs["frequence_hz"], strict=False)
        else:
            if "rpm_mecanique" in kwargs and "nb_paires_poles" in kwargs:
                f = calcul_frequence_depuis_rpm(
                    rpm_mecanique=_req_pos("rpm_mecanique", kwargs["rpm_mecanique"], strict=False),
                    nb_paires_poles=_req_int_ge("nb_paires_poles", kwargs["nb_paires_poles"], 1),
                )
            else:
                rep["inconnues"]["impossibles"].append(
                    {
                        "nom": "frequence_hz",
                        "raison": "Fournir frequence_hz, ou fournir (rpm_mecanique + nb_paires_poles).",
                    }
                )
    
        # 2) flux
        phi: Optional[float] = None
        if "flux_max_pole_wb" in kwargs:
            phi = _req_finite("flux_max_pole_wb", kwargs["flux_max_pole_wb"])
        else:
            if "induction_gap_t" in kwargs and "aire_pole_m2" in kwargs:
                phi = calcul_flux_pole(
                    induction_gap_t=_req_finite("induction_gap_t", kwargs["induction_gap_t"]),
                    aire_pole_m2=_req_pos("aire_pole_m2", kwargs["aire_pole_m2"], strict=False),
                    flux_model=kwargs.get("flux_model", "B*A"),
                )
            else:
                rep["inconnues"]["impossibles"].append(
                    {
                        "nom": "flux_max_pole_wb",
                        "raison": "Fournir flux_max_pole_wb, ou fournir (induction_gap_t + aire_pole_m2).",
                    }
                )
    
        # 3) N, k_w
        if "nombre_spires_serie" not in kwargs:
            rep["inconnues"]["impossibles"].append({"nom": "nombre_spires_serie", "raison": "Paramètre requis."})
            N = None
        else:
            N = _req_int_ge("nombre_spires_serie", kwargs["nombre_spires_serie"], 0)
    
        if "facteur_enroulement_kw" not in kwargs:
            rep["inconnues"]["impossibles"].append({"nom": "facteur_enroulement_kw", "raison": "Paramètre requis."})
            kw = None
        else:
            kw = _req_finite("facteur_enroulement_kw", kwargs["facteur_enroulement_kw"])
    
        # 4) calcul E_phase
        if f is not None and phi is not None and N is not None and kw is not None:
            E_ph = calcul_fem_induite(
                frequence_hz=f,
                nombre_spires_serie=N,
                flux_max_pole_wb=phi,
                facteur_enroulement_kw=kw,
                onde=onde,
                constante_custom=constante_custom,
                clamp_non_negative=kwargs.get("clamp_non_negative", True),
            )
            rep["resultats"]["E_phase_rms_V"] = float(E_ph)
            rep["resultats"]["frequence_hz"] = float(f)
            rep["resultats"]["flux_max_pole_wb"] = float(phi)
            rep["resultats"]["constante_C"] = float(constante_rms_par_forme(onde, constante_custom=constante_custom))
        else:
            rep["notes"].append("E_phase non calculable: paramètres manquants listés dans 'inconnues'.")
    
        # 5) couplage -> V ligne
        if "couplage" in kwargs:
            if "E_phase_rms_V" in rep["resultats"]:
                Vph = float(rep["resultats"]["E_phase_rms_V"])
                couplage: Couplage = kwargs["couplage"]
                rep["resultats"]["V_ligne_rms_V"] = float(tension_ligne_depuis_phase(Vph, couplage))
                rep["resultats"]["couplage"] = couplage
            else:
                rep["inconnues"]["partielles"].append(
                    {"nom": "V_ligne_rms_V", "raison": "Calculable si E_phase_rms_V est calculée."}
                )
    
        # 6) inverses utiles (si tension cible fournie)
        if "v_phase_rms_cible" in kwargs:
            if f is not None and phi is not None and kw is not None:
                rep["resultats"]["N_requis_ceil"] = int(
                    calcul_spires_depuis_tension(
                        v_phase_rms_cible=_req_pos("v_phase_rms_cible", kwargs["v_phase_rms_cible"], strict=False),
                        frequence_hz=f,
                        flux_max_pole_wb=phi,
                        facteur_enroulement_kw=kw,
                        onde=onde,
                        constante_custom=constante_custom,
                        arrondi="ceil",
                    )
                )
            else:
                rep["inconnues"]["partielles"].append(
                    {"nom": "N_requis_ceil", "raison": "Calculable si (frequence + flux + k_w) sont connus."}
                )
    
        # 7) dédup
>       _dedup_inconnues(rep)
        ^^^^^^^^^^^^^^^^
E       NameError: name '_dedup_inconnues' is not defined

backend\modules\alternateur\calcul_fem_induite.py:483: NameError
_ TestCalculPertesCuivre.test_pertes_phase_resistance_negative_autorisee_mathematiquement _

self = <test_calcul_pertes_cuivre.TestCalculPertesCuivre testMethod=test_pertes_phase_resistance_negative_autorisee_mathematiquement>

    def test_pertes_phase_resistance_negative_autorisee_mathematiquement(self) -> None:
        # resistance strict=False => R peut être négatif ; clamp_non_negative protège par défaut
        I = 10.0
        R = -0.5
>       P = calcul_pertes_cuivre_phase(I, R, clamp_non_negative=True)
            ^^^^^^^^^^^^^^^^^^^^^^^^^^^^^^^^^^^^^^^^^^^^^^^^^^^^^^^^^

backend\tests\modules\alternateur\test_calcul_pertes_cuivre.py:271: 
_ _ _ _ _ _ _ _ _ _ _ _ _ _ _ _ _ _ _ _ _ _ _ _ _ _ _ _ _ _ _ _ _ _ _ _ _ _ _ _
backend\modules\alternateur\calcul_pertes_cuivre.py:100: in calcul_pertes_cuivre_phase
    R = _require_positive("resistance", resistance, strictly=False)
        ^^^^^^^^^^^^^^^^^^^^^^^^^^^^^^^^^^^^^^^^^^^^^^^^^^^^^^^^^^^
_ _ _ _ _ _ _ _ _ _ _ _ _ _ _ _ _ _ _ _ _ _ _ _ _ _ _ _ _ _ _ _ _ _ _ _ _ _ _ _

name = 'resistance', x = -0.5

    def _require_positive(name: str, x: float, *, strictly: bool = True) -> float:
        x = _require_finite(name, x)
        ok = x > 0.0 if strictly else x >= 0.0
        if not ok:
            op = ">" if strictly else ">="
>           raise ValueError(f"{name} doit être {op} 0 (reçu: {x}).")
E           ValueError: resistance doit être >= 0 (reçu: -0.5).

backend\modules\alternateur\calcul_pertes_cuivre.py:23: ValueError
_ TestCalculPertesCuivre.test_pertes_phase_resistance_negative_si_clamp_false _

self = <test_calcul_pertes_cuivre.TestCalculPertesCuivre testMethod=test_pertes_phase_resistance_negative_si_clamp_false>

    def test_pertes_phase_resistance_negative_si_clamp_false(self) -> None:
        I = 10.0
        R = -0.5
        attendu = (I ** 2) * R  # -50
    
>       P = calcul_pertes_cuivre_phase(I, R, clamp_non_negative=False)
            ^^^^^^^^^^^^^^^^^^^^^^^^^^^^^^^^^^^^^^^^^^^^^^^^^^^^^^^^^^

backend\tests\modules\alternateur\test_calcul_pertes_cuivre.py:281: 
_ _ _ _ _ _ _ _ _ _ _ _ _ _ _ _ _ _ _ _ _ _ _ _ _ _ _ _ _ _ _ _ _ _ _ _ _ _ _ _
backend\modules\alternateur\calcul_pertes_cuivre.py:100: in calcul_pertes_cuivre_phase
    R = _require_positive("resistance", resistance, strictly=False)
        ^^^^^^^^^^^^^^^^^^^^^^^^^^^^^^^^^^^^^^^^^^^^^^^^^^^^^^^^^^^
_ _ _ _ _ _ _ _ _ _ _ _ _ _ _ _ _ _ _ _ _ _ _ _ _ _ _ _ _ _ _ _ _ _ _ _ _ _ _ _

name = 'resistance', x = -0.5

    def _require_positive(name: str, x: float, *, strictly: bool = True) -> float:
        x = _require_finite(name, x)
        ok = x > 0.0 if strictly else x >= 0.0
        if not ok:
            op = ">" if strictly else ">="
>           raise ValueError(f"{name} doit être {op} 0 (reçu: {x}).")
E           ValueError: resistance doit être >= 0 (reçu: -0.5).

backend\modules\alternateur\calcul_pertes_cuivre.py:23: ValueError
_ TestCalculPertesCuivre.test_pertes_triphase_resistance_negative_clamp_false _

self = <test_calcul_pertes_cuivre.TestCalculPertesCuivre testMethod=test_pertes_triphase_resistance_negative_clamp_false>

    def test_pertes_triphase_resistance_negative_clamp_false(self) -> None:
        Iph = 10.0
        Rph = -0.5
        attendu = 3.0 * (Iph ** 2) * Rph  # -150
>       P = calcul_pertes_cuivre_triphase(Iph, Rph, clamp_non_negative=False)
            ^^^^^^^^^^^^^^^^^^^^^^^^^^^^^^^^^^^^^^^^^^^^^^^^^^^^^^^^^^^^^^^^^

backend\tests\modules\alternateur\test_calcul_pertes_cuivre.py:379: 
_ _ _ _ _ _ _ _ _ _ _ _ _ _ _ _ _ _ _ _ _ _ _ _ _ _ _ _ _ _ _ _ _ _ _ _ _ _ _ _
backend\modules\alternateur\calcul_pertes_cuivre.py:143: in calcul_pertes_cuivre_triphase
    Rph = _require_positive("resistance_phase", resistance_phase, strictly=False)
          ^^^^^^^^^^^^^^^^^^^^^^^^^^^^^^^^^^^^^^^^^^^^^^^^^^^^^^^^^^^^^^^^^^^^^^^
_ _ _ _ _ _ _ _ _ _ _ _ _ _ _ _ _ _ _ _ _ _ _ _ _ _ _ _ _ _ _ _ _ _ _ _ _ _ _ _

name = 'resistance_phase', x = -0.5

    def _require_positive(name: str, x: float, *, strictly: bool = True) -> float:
        x = _require_finite(name, x)
        ok = x > 0.0 if strictly else x >= 0.0
        if not ok:
            op = ">" if strictly else ">="
>           raise ValueError(f"{name} doit être {op} 0 (reçu: {x}).")
E           ValueError: resistance_phase doit être >= 0 (reçu: -0.5).

backend\modules\alternateur\calcul_pertes_cuivre.py:23: ValueError
_ TestCalculPertesCuivre.test_pertes_triphase_resistance_negative_clamp_true __

self = <test_calcul_pertes_cuivre.TestCalculPertesCuivre testMethod=test_pertes_triphase_resistance_negative_clamp_true>

    def test_pertes_triphase_resistance_negative_clamp_true(self) -> None:
        Iph = 10.0
        Rph = -0.5
>       P = calcul_pertes_cuivre_triphase(Iph, Rph, clamp_non_negative=True)
            ^^^^^^^^^^^^^^^^^^^^^^^^^^^^^^^^^^^^^^^^^^^^^^^^^^^^^^^^^^^^^^^^

backend\tests\modules\alternateur\test_calcul_pertes_cuivre.py:371: 
_ _ _ _ _ _ _ _ _ _ _ _ _ _ _ _ _ _ _ _ _ _ _ _ _ _ _ _ _ _ _ _ _ _ _ _ _ _ _ _
backend\modules\alternateur\calcul_pertes_cuivre.py:143: in calcul_pertes_cuivre_triphase
    Rph = _require_positive("resistance_phase", resistance_phase, strictly=False)
          ^^^^^^^^^^^^^^^^^^^^^^^^^^^^^^^^^^^^^^^^^^^^^^^^^^^^^^^^^^^^^^^^^^^^^^^
_ _ _ _ _ _ _ _ _ _ _ _ _ _ _ _ _ _ _ _ _ _ _ _ _ _ _ _ _ _ _ _ _ _ _ _ _ _ _ _

name = 'resistance_phase', x = -0.5

    def _require_positive(name: str, x: float, *, strictly: bool = True) -> float:
        x = _require_finite(name, x)
        ok = x > 0.0 if strictly else x >= 0.0
        if not ok:
            op = ">" if strictly else ">="
>           raise ValueError(f"{name} doit être {op} 0 (reçu: {x}).")
E           ValueError: resistance_phase doit être >= 0 (reçu: -0.5).

backend\modules\alternateur\calcul_pertes_cuivre.py:23: ValueError
____________________ TestCylindre.test_brides_si_fournies _____________________

self = <test_cylindre.TestCylindre testMethod=test_brides_si_fournies>

    def test_brides_si_fournies(self) -> None:
        D = 0.100
        S = 0.080
        L = 0.120
        p_serv = 2.0e6
        p_max = 5.0e6
        p_ext = 0.0
        FS = 2.0
        sigma_adm = 250.0e6
    
        rho = 7800.0
    
        e_b = 0.010  # m
        w_b = 0.020  # m
    
        cyl = Cylindre(
            alesage_m=D,
            course_m=S,
            longueur_utile_m=L,
            pression_service_pa=p_serv,
            pression_max_pa=p_max,
            pression_externe_pa=p_ext,
            facteur_securite=FS,
            contrainte_admissible_pa=sigma_adm,
            densite_kg_m3=rho,
            epaisseur_bride_m=e_b,
            largeur_bride_m=w_b,
        )
        r = cyl.analyser(strict=False)
    
        t = r["dimensionnement"]["epaisseur_retenue_m"]
        self.assertIsInstance(t, float)
        self.assertTrue(t > 0.0)
    
        ri = 0.5 * D
        ro = ri + float(t)
        r_b = ro + w_b
    
        A_anneau = math.pi * (r_b * r_b - ro * ro)
        V_brides = 2.0 * A_anneau * e_b
        m_brides = rho * V_brides
    
>       self.assertIsClose(r["geometrie"]["rayon_externe_avec_brides_m"], r_b, rel=1e-12)
                           ^^^^^^^^^^^^^^^^^^^^^^^^^^^^^^^^^^^^^^^^^^^^^
E       KeyError: 'rayon_externe_avec_brides_m'

backend\tests\pieces\test_cylindre.py:362: KeyError
=========================== short test summary info ===========================
FAILED backend/tests/modules/alternateur/test_calcul_fem_induite.py::TestCalculFEMInduite::test_rapport_fem_complet_rpm_et_induction
FAILED backend/tests/modules/alternateur/test_calcul_fem_induite.py::TestCalculFEMInduite::test_rapport_fem_parametres_manquants
FAILED backend/tests/modules/alternateur/test_calcul_pertes_cuivre.py::TestCalculPertesCuivre::test_pertes_phase_resistance_negative_autorisee_mathematiquement
FAILED backend/tests/modules/alternateur/test_calcul_pertes_cuivre.py::TestCalculPertesCuivre::test_pertes_phase_resistance_negative_si_clamp_false
FAILED backend/tests/modules/alternateur/test_calcul_pertes_cuivre.py::TestCalculPertesCuivre::test_pertes_triphase_resistance_negative_clamp_false
FAILED backend/tests/modules/alternateur/test_calcul_pertes_cuivre.py::TestCalculPertesCuivre::test_pertes_triphase_resistance_negative_clamp_true
FAILED backend/tests/pieces/test_cylindre.py::TestCylindre::test_brides_si_fournies
======================== 7 failed, 287 passed in 2.03s ========================
