.
=== DIMENSIONNEMENT SYST╚ME SHSE-M (150.0 kW) ===
----------------------------------------------------------------------
Ran 1 test in 18.513s

OK

Puissance Traction (Meca Roues): 150.0 kW
Puissance Charge Batterie: 20.0 kW
Puissance Auxiliaires: 5.0 kW
---
PUISSANCE TOTALE REQUISE (Bus DC): 179.6 kW

>> BESOIN MOTEUR THERMIQUE (Sortie Vilebrequin): 193.0 kW (262 ch)

[╔tape 2: Optimisation de l'Architecture]
=== R╔SOLUTION GLOBALE ARCHITECTURE SHSE-M ===
CylindrÚe Totale Requise: 6053.4 cc
CylindrÚe Unitaire Max: 2234.0 cc (AlÚsage max 133.3mm)
Nombre Cylindres Min (Physique): 3
N=3 -> Arch=L | Maint=8000Ç | Score=9.08
N=4 -> Arch=L | Maint=8000Ç | Score=9.17
N=5 -> Arch=L | Maint=8000Ç | Score=9.25
N=6 -> Arch=L | Maint=8000Ç | Score=9.33
N=7 -> Arch=L | Maint=8000Ç | Score=9.42
N=8 -> Arch=L | Maint=8000Ç | Score=9.50
N=9 -> Arch=L | Maint=8000Ç | Score=9.58
N=10 -> Arch=L | Maint=8000Ç | Score=9.67
N=11 -> Arch=L | Maint=8000Ç | Score=9.75
N=12 -> Arch=L | Maint=8000Ç | Score=9.83
N=13 -> Arch=Etoile | Maint=8000Ç | Score=10.85
N=14 -> Arch=Etoile | Maint=8000Ç | Score=10.85
N=15 -> Arch=Etoile | Maint=8000Ç | Score=10.85
N=16 -> Arch=Etoile | Maint=8000Ç | Score=10.85

=== R╔SULTAT OPTIMAL ===
{'N_cyl': 3, 'Architecture': 'L', 'Score': 9.083333333333334, 'Cout_Maint_Estime': 8000.0, 'Bore_mm': 136.96092506466448, 'RPM': 3000.0, 'PME': 1500000.0}

[R╔SULTAT FINAL]
Nombre de cylindres : 3
Architecture : L
AlÚsage : 137.0 mm
Co¹t maintenance estimÚ : 8000 Ç / 20kh
=== DIMENSIONNEMENT PHYSIQUE HI-PRECISION (193.0 kW) ===
INPUTS: 192.95292723709127kW @ 3000.0rpm

[BDD] Mise Ó jour complÞte avec High Precision Physics...
[BDD] PiÞce 'cylindre_chemise' sauvegardÚe et chiffrÚe.
[BDD] PiÞce 'piston_puissance' sauvegardÚe et chiffrÚe.
[BDD] PiÞce 'axe_piston' sauvegardÚe et chiffrÚe.
[BDD] PiÞce 'circlips_axe_piston' sauvegardÚe et chiffrÚe.
[BDD] PiÞce 'bielle_corps' sauvegardÚe et chiffrÚe.
[BDD] PiÞce 'vilebrequin_corps' sauvegardÚe et chiffrÚe.
[BDD] PiÞce 'contrepoids_equilibrage' sauvegardÚe et chiffrÚe.
[BDD] PiÞce 'maneton' sauvegardÚe et chiffrÚe.
[BDD] PiÞce 'paliers_bielle_maneton' sauvegardÚe et chiffrÚe.
[BDD] PiÞce 'coussinet_pied_bielle' sauvegardÚe et chiffrÚe.
[BDD] PiÞce 'volant_inertie' sauvegardÚe et chiffrÚe.
[BDD] PiÞce 'arbre_sortie_portee_sortie' sauvegardÚe et chiffrÚe.
[BDD] PiÞce 'clavettes_cannelures' sauvegardÚe et chiffrÚe.
[BDD] PiÞce 'joint_tournant_arbre_sortie' sauvegardÚe et chiffrÚe.
[BDD] PiÞce 'chambre_chaude_corps_combustion' sauvegardÚe et chiffrÚe.
[BDD] PiÞce 'chambre_froide_corps_refroidissement' sauvegardÚe et chiffrÚe.
[BDD] PiÞce 'deplaceur_galet_rouleau_translateur' sauvegardÚe et chiffrÚe.
[BDD] PiÞce 'etancheite_paroi_mobile_joints_guide_labyrinthe_segments' sauvegardÚe et chiffrÚe.
[BDD] PiÞce 'guidages_paroi_mobile_patins_bagues_glissieres' sauvegardÚe et chiffrÚe.
[BDD] PiÞce 'echangeur_thermique_corps' sauvegardÚe et chiffrÚe.
[BDD] PiÞce 'tubes_helicoidaux_serpentins_cote_gaz' sauvegardÚe et chiffrÚe.
[BDD] PiÞce 'circuit_refroidissement' sauvegardÚe et chiffrÚe.
[BDD] PiÞce 'jaquette_refroidissement_enveloppe_eau' sauvegardÚe et chiffrÚe.
[BDD] PiÞce 'circuit_lubrification' sauvegardÚe et chiffrÚe.
[BDD] PiÞce 'huile_graisse' sauvegardÚe et chiffrÚe.
[BDD] PiÞce 'collecteur_gaz_entree' sauvegardÚe et chiffrÚe.
[BDD] PiÞce 'carter_bati' sauvegardÚe et chiffrÚe.
[BDD] PiÞce 'culasse_couvercle_principal' sauvegardÚe et chiffrÚe.
[BDD] PiÞce 'couvercle_avant' sauvegardÚe et chiffrÚe.
[BDD] PiÞce 'couvercle_arriere' sauvegardÚe et chiffrÚe.
[BDD] PiÞce 'vis_couvercle' sauvegardÚe et chiffrÚe.
[BDD] PiÞce 'goujons' sauvegardÚe et chiffrÚe.
[BDD] PiÞce 'ecrous' sauvegardÚe et chiffrÚe.
[BDD] PiÞce 'rondelles' sauvegardÚe et chiffrÚe.
[BDD] PiÞce 'entretoises' sauvegardÚe et chiffrÚe.
[BDD] PiÞce 'brides_supports' sauvegardÚe et chiffrÚe.
[BDD] PiÞce 'joint_statique_plan_joint_couvercle_carter' sauvegardÚe et chiffrÚe.
[BDD] PiÞce 'joint_statique_plan_joint_culasse_chambre' sauvegardÚe et chiffrÚe.
[BDD] PiÞce 'joints_statiques_collecteurs_eau' sauvegardÚe et chiffrÚe.
[BDD] PiÞce 'joints_statiques_collecteurs_gaz' sauvegardÚe et chiffrÚe.
[BDD] PiÞce 'collecteur_eau_entree' sauvegardÚe et chiffrÚe.
[BDD] PiÞce 'collecteur_eau_sortie' sauvegardÚe et chiffrÚe.
[BDD] PiÞce 'collecteur_gaz_sortie' sauvegardÚe et chiffrÚe.
[BDD] PiÞce 'tubes_helicoidaux_serpentins_cote_eau' sauvegardÚe et chiffrÚe.
[BDD] PiÞce 'isolation_thermique_externe' sauvegardÚe et chiffrÚe.
[BDD] PiÞce 'axes_galet' sauvegardÚe et chiffrÚe.
[BDD] PiÞce 'roulements_bagues_galet' sauvegardÚe et chiffrÚe.
[BDD] PiÞce 'rail_glissiere_translation_galet' sauvegardÚe et chiffrÚe.
[BDD] PiÞce 'paliers_principaux_avant' sauvegardÚe et chiffrÚe.
[BDD] PiÞce 'paliers_principaux_arriere' sauvegardÚe et chiffrÚe.
[BDD] PiÞce 'butee_axiale' sauvegardÚe et chiffrÚe.
[BDD] PiÞce 'goupilles_centrage' sauvegardÚe et chiffrÚe.
[BDD] PiÞce 'systeme_rappel_precharge' sauvegardÚe et chiffrÚe.
[BDD] PiÞce 'butees_mecaniques_fin_de_course' sauvegardÚe et chiffrÚe.
[BDD] PiÞce 'paroi_mobile_cloison_translateuse' sauvegardÚe et chiffrÚe.

[SUCC╚S] 55 composants dÚfinis et sauvegardÚs.
